#-----------------------------------------------------------
# Vivado v2024.1 (64-bit)
# SW Build 5076996 on Wed May 22 18:37:14 MDT 2024
# IP Build 5075265 on Wed May 22 21:45:21 MDT 2024
# SharedData Build 5076995 on Wed May 22 18:29:18 MDT 2024
# Start of session at: Fri Sep 13 22:16:21 2024
# Process ID: 24900
# Current directory: E:/COLLEGE/homework/hit-cdp-lab/lab5/lab5.runs/synth_1
# Command line: vivado.exe -log soc_top.vds -product Vivado -mode batch -messageDb vivado.pb -notrace -source soc_top.tcl
# Log file: E:/COLLEGE/homework/hit-cdp-lab/lab5/lab5.runs/synth_1/soc_top.vds
# Journal file: E:/COLLEGE/homework/hit-cdp-lab/lab5/lab5.runs/synth_1\vivado.jou
# Running On        :LAPTOP-K550ROTT
# Platform          :Windows Server 2016 or Windows 10
# Operating System  :22000
# Processor Detail  :AMD Ryzen 7 6800H with Radeon Graphics         
# CPU Frequency     :3194 MHz
# CPU Physical cores:8
# CPU Logical cores :16
# Host memory       :16371 MB
# Swap memory       :16642 MB
# Total Virtual     :33014 MB
# Available Virtual :12654 MB
#-----------------------------------------------------------
source soc_top.tcl -notrace
